[    0.000000] Initializing cgroup subsys cpuset
[    0.000000] Initializing cgroup subsys cpu
[    0.000000] Initializing cgroup subsys cpuacct
[    0.000000] Linux version 4.4.0-210-generic (buildd@lgw01-amd64-009) (gcc version 5.4.0 20160609 (Ubuntu 5.4.0-6ubuntu1~16.04.12) ) #242-Ubuntu SMP Fri Apr 16 09:57:56 UTC 2021 (Ubuntu 4.4.0-210.242-generic 4.4.262)
[    0.000000] Command line: BOOT_IMAGE=/boot/vmlinuz-4.4.0-210-generic root=LABEL=cloudimg-rootfs ro console=tty1 console=ttyS0
[    0.000000] KERNEL supported cpus:
[    0.000000]   Intel GenuineIntel
[    0.000000]   AMD AuthenticAMD
[    0.000000]   Centaur CentaurHauls
[    0.000000] x86/fpu: Legacy x87 FPU detected.
[    0.000000] e820: BIOS-provided physical RAM map:
[    0.000000] BIOS-e820: [mem 0x0000000000000000-0x000000000009fbff] usable
[    0.000000] BIOS-e820: [mem 0x000000000009fc00-0x000000000009ffff] reserved
[    0.000000] BIOS-e820: [mem 0x00000000000f0000-0x00000000000fffff] reserved
[    0.000000] BIOS-e820: [mem 0x0000000000100000-0x000000003ffeffff] usable
[    0.000000] BIOS-e820: [mem 0x000000003fff0000-0x000000003fffffff] ACPI data
[    0.000000] BIOS-e820: [mem 0x00000000fec00000-0x00000000fec00fff] reserved
[    0.000000] BIOS-e820: [mem 0x00000000fee00000-0x00000000fee00fff] reserved
[    0.000000] BIOS-e820: [mem 0x00000000fffc0000-0x00000000ffffffff] reserved
[    0.000000] NX (Execute Disable) protection: active
[    0.000000] SMBIOS 2.5 present.
[    0.000000] Hypervisor detected: KVM
[    0.000000] Kernel/User page tables isolation: disabled
[    0.000000] e820: last_pfn = 0x3fff0 max_arch_pfn = 0x400000000
[    0.000000] MTRR: Disabled
[    0.000000] x86/PAT: MTRRs disabled, skipping PAT initialization too.
[    0.000000] CPU MTRRs all blank - virtualized system.
[    0.000000] x86/PAT: Configuration [0-7]: WB  WT  UC- UC  WB  WT  UC- UC  
[    0.000000] found SMP MP-table at [mem 0x0009fff0-0x0009ffff] mapped at [ffff88000009fff0]
[    0.000000] Scanning 1 areas for low memory corruption
[    0.000000] RAMDISK: [mem 0x362dc000-0x37165fff]
[    0.000000] ACPI: Early table checksum verification disabled
[    0.000000] ACPI: RSDP 0x00000000000E0000 000024 (v02 VBOX  )
[    0.000000] ACPI: XSDT 0x000000003FFF0030 00003C (v01 VBOX   VBOXXSDT 00000001 ASL  00000061)
[    0.000000] ACPI: FACP 0x000000003FFF00F0 0000F4 (v04 VBOX   VBOXFACP 00000001 ASL  00000061)
[    0.000000] ACPI: DSDT 0x000000003FFF0470 002325 (v02 VBOX   VBOXBIOS 00000002 INTL 20100528)
[    0.000000] ACPI: FACS 0x000000003FFF0200 000040
[    0.000000] ACPI: FACS 0x000000003FFF0200 000040
[    0.000000] ACPI: APIC 0x000000003FFF0240 00005C (v02 VBOX   VBOXAPIC 00000001 ASL  00000061)
[    0.000000] ACPI: SSDT 0x000000003FFF02A0 0001CC (v01 VBOX   VBOXCPUT 00000002 INTL 20100528)
[    0.000000] No NUMA configuration found
[    0.000000] Faking a node at [mem 0x0000000000000000-0x000000003ffeffff]
[    0.000000] NODE_DATA(0) allocated [mem 0x3ffeb000-0x3ffeffff]
[    0.000000] kvm-clock: Using msrs 4b564d01 and 4b564d00
[    0.000000] kvm-clock: cpu 0, msr 0:3ffe3001, primary cpu clock
[    0.000000] kvm-clock: using sched offset of 3704070224 cycles
[    0.000000] clocksource: kvm-clock: mask: 0xffffffffffffffff max_cycles: 0x1cd42e4dffb, max_idle_ns: 881590591483 ns
[    0.000000] Zone ranges:
[    0.000000]   DMA      [mem 0x0000000000001000-0x0000000000ffffff]
[    0.000000]   DMA32    [mem 0x0000000001000000-0x000000003ffeffff]
[    0.000000]   Normal   empty
[    0.000000]   Device   empty
[    0.000000] Movable zone start for each node
[    0.000000] Early memory node ranges
[    0.000000]   node   0: [mem 0x0000000000001000-0x000000000009efff]
[    0.000000]   node   0: [mem 0x0000000000100000-0x000000003ffeffff]
[    0.000000] Initmem setup node 0 [mem 0x0000000000001000-0x000000003ffeffff]
[    0.000000] ACPI: PM-Timer IO Port: 0x4008
[    0.000000] IOAPIC[0]: apic_id 2, version 32, address 0xfec00000, GSI 0-23
[    0.000000] ACPI: INT_SRC_OVR (bus 0 bus_irq 0 global_irq 2 dfl dfl)
[    0.000000] ACPI: INT_SRC_OVR (bus 0 bus_irq 9 global_irq 9 low level)
[    0.000000] Using ACPI (MADT) for SMP configuration information
[    0.000000] smpboot: Allowing 2 CPUs, 0 hotplug CPUs
[    0.000000] PM: Registered nosave memory: [mem 0x00000000-0x00000fff]
[    0.000000] PM: Registered nosave memory: [mem 0x0009f000-0x0009ffff]
[    0.000000] PM: Registered nosave memory: [mem 0x000a0000-0x000effff]
[    0.000000] PM: Registered nosave memory: [mem 0x000f0000-0x000fffff]
[    0.000000] e820: [mem 0x40000000-0xfebfffff] available for PCI devices
[    0.000000] Booting paravirtualized kernel on KVM
[    0.000000] clocksource: refined-jiffies: mask: 0xffffffff max_cycles: 0xffffffff, max_idle_ns: 7645519600211568 ns
[    0.000000] setup_percpu: NR_CPUS:512 nr_cpumask_bits:512 nr_cpu_ids:2 nr_node_ids:1
[    0.000000] PERCPU: Embedded 33 pages/cpu @ffff88003fc00000 s95192 r8192 d31784 u1048576
[    0.000000] Built 1 zonelists in Node order, mobility grouping on.  Total pages: 257912
[    0.000000] Policy zone: DMA32
[    0.000000] Kernel command line: BOOT_IMAGE=/boot/vmlinuz-4.4.0-210-generic root=LABEL=cloudimg-rootfs ro console=tty1 console=ttyS0
[    0.000000] PID hash table entries: 4096 (order: 3, 32768 bytes)
[    0.000000] Memory: 997792K/1048120K available (8644K kernel code, 1332K rwdata, 4044K rodata, 1492K init, 1164K bss, 50328K reserved, 0K cma-reserved)
[    0.000000] SLUB: HWalign=64, Order=0-3, MinObjects=0, CPUs=2, Nodes=1
[    0.000000] Hierarchical RCU implementation.
[    0.000000] 	Build-time adjustment of leaf fanout to 64.
[    0.000000] 	RCU restricting CPUs from NR_CPUS=512 to nr_cpu_ids=2.
[    0.000000] RCU: Adjusting geometry for rcu_fanout_leaf=64, nr_cpu_ids=2
[    0.000000] NR_IRQS:33024 nr_irqs:440 16
[    0.000000] Console: colour VGA+ 80x25
[    0.000000] console [tty1] enabled
[    0.000000] console [ttyS0] enabled
[    0.000000] tsc: Detected 2995.200 MHz processor
[    0.453226] Calibrating delay loop (skipped) preset value.. 5990.40 BogoMIPS (lpj=11980800)
[    0.460353] pid_max: default: 32768 minimum: 301
[    0.463530] ACPI: Core revision 20150930
[    0.467152] ACPI: 2 ACPI AML tables successfully acquired and loaded
[    0.472743] Security Framework initialized
[    0.475667] Yama: becoming mindful.
[    0.478369] AppArmor: AppArmor initialized
[    0.481211] Dentry cache hash table entries: 131072 (order: 8, 1048576 bytes)
[    0.489164] Inode-cache hash table entries: 65536 (order: 7, 524288 bytes)
[    0.495470] Mount-cache hash table entries: 2048 (order: 2, 16384 bytes)
[    0.499818] Mountpoint-cache hash table entries: 2048 (order: 2, 16384 bytes)
[    0.504833] Initializing cgroup subsys io
[    0.507328] Initializing cgroup subsys memory
[    0.511397] Initializing cgroup subsys devices
[    0.515491] Initializing cgroup subsys freezer
[    0.519531] Initializing cgroup subsys net_cls
[    0.522682] Initializing cgroup subsys perf_event
[    0.525950] Initializing cgroup subsys net_prio
[    0.529091] Initializing cgroup subsys hugetlb
[    0.532167] Initializing cgroup subsys pids
[    0.537199] mce: CPU supports 0 MCE banks
[    0.539992] Last level iTLB entries: 4KB 0, 2MB 0, 4MB 0
[    0.545082] Last level dTLB entries: 4KB 0, 2MB 0, 4MB 0, 1GB 0
[    0.549126] Spectre V1 : Mitigation: usercopy/swapgs barriers and __user pointer sanitization
[    0.554462] Spectre V2 : Mitigation: Enhanced IBRS
[    0.557572] Spectre V2 : Spectre v2 / SpectreRSB mitigation: Filling RSB on context switch
[    0.562695] Speculative Store Bypass: Vulnerable
[    0.594591] Freeing SMP alternatives memory: 36K
[    0.657955] ftrace: allocating 32380 entries in 127 pages
[    1.107403] smpboot: APIC(0) Converting physical 0 to logical package 0
[    1.113484] smpboot: Max logical packages: 1
[    1.129264] ..TIMER: vector=0x30 apic1=0 pin1=2 apic2=-1 pin2=-1
[    1.244459] smpboot: CPU0: 11th Gen Intel(R) Core(TM) i3-1115G4 @ 3.00GHz (family: 0x6, model: 0x8c, stepping: 0x1)
[    1.255383] Performance Events: unsupported p6 CPU model 140 no PMU driver, software events only.
[    1.328890] KVM setup paravirtual spinlock
[    1.334109] x86: Booting SMP configuration:
[    1.337559] .... node  #0, CPUs:      #1
[    1.341436] kvm-clock: cpu 1, msr 0:3ffe3041, secondary cpu clock
[    1.345533] mce: CPU supports 0 MCE banks
[    1.349386] TSC synchronization [CPU#0 -> CPU#1]:
[    1.353302] Measured 67256 cycles TSC warp between CPUs, turning off TSC clock.
[    1.358071] tsc: Marking TSC unstable due to check_tsc_sync_source failed
[    0.436866] x86: Booted up 1 node, 2 CPUs
[    0.440003] smpboot: Total of 2 processors activated (11980.80 BogoMIPS)
[    0.448053] devtmpfs: initialized
[    0.451671] evm: security.selinux
[    0.452004] evm: security.SMACK64
[    0.454135] evm: security.SMACK64EXEC
[    0.456002] evm: security.SMACK64TRANSMUTE
[    0.460002] evm: security.SMACK64MMAP
[    0.462400] evm: security.ima
[    0.464002] evm: security.capability
[    0.468103] clocksource: jiffies: mask: 0xffffffff max_cycles: 0xffffffff, max_idle_ns: 7645041785100000 ns
[    0.472009] futex hash table entries: 512 (order: 3, 32768 bytes)
[    0.476256] pinctrl core: initialized pinctrl subsystem
[    0.480254] RTC time: 12:20:12, date: 12/29/22
[    0.484633] NET: Registered protocol family 16
[    0.500017] cpuidle: using governor ladder
[    0.516016] cpuidle: using governor menu
[    0.520151] PCCT header not found.
[    0.524119] ACPI: bus type PCI registered
[    0.528003] acpiphp: ACPI Hot Plug PCI Controller Driver version: 0.5
[    0.532308] PCI: Using configuration type 1 for base access
[    0.552537] ACPI: Added _OSI(Module Device)
[    0.556006] ACPI: Added _OSI(Processor Device)
[    0.560002] ACPI: Added _OSI(3.0 _SCP Extensions)
[    0.564002] ACPI: Added _OSI(Processor Aggregator Device)
[    0.568881] ACPI: Executed 1 blocks of module-level executable AML code
[    0.580213] ACPI: Interpreter enabled
[    0.582712] ACPI: (supports S0 S5)
[    0.584003] ACPI: Using IOAPIC for interrupt routing
[    0.588238] PCI: Using host bridge windows from ACPI; if necessary, use "pci=nocrs" and report a bug
[    0.597955] ACPI: PCI Root Bridge [PCI0] (domain 0000 [bus 00-ff])
[    0.600006] acpi PNP0A03:00: _OSC: OS supports [ASPM ClockPM Segments MSI]
[    0.604448] acpi PNP0A03:00: _OSC: not requesting OS control; OS requires [ExtendedConfig ASPM ClockPM MSI]
[    0.608008] acpi PNP0A03:00: fail to add MMCONFIG information, can't access extended PCI configuration space under this bridge.
[    0.612600] PCI host bridge to bus 0000:00
[    0.616004] pci_bus 0000:00: root bus resource [io  0x0000-0x0cf7 window]
[    0.620003] pci_bus 0000:00: root bus resource [io  0x0d00-0xffff window]
[    0.624005] pci_bus 0000:00: root bus resource [mem 0x000a0000-0x000bffff window]
[    0.628003] pci_bus 0000:00: root bus resource [mem 0x40000000-0xfdffffff window]
[    0.632003] pci_bus 0000:00: root bus resource [bus 00-ff]
[    0.640356] pci 0000:00:01.1: legacy IDE quirk: reg 0x10: [io  0x01f0-0x01f7]
[    0.644002] pci 0000:00:01.1: legacy IDE quirk: reg 0x14: [io  0x03f6]
[    0.648002] pci 0000:00:01.1: legacy IDE quirk: reg 0x18: [io  0x0170-0x0177]
[    0.652003] pci 0000:00:01.1: legacy IDE quirk: reg 0x1c: [io  0x0376]
[    0.672050] pci 0000:00:07.0: quirk: [io  0x4000-0x403f] claimed by PIIX4 ACPI
[    0.676027] pci 0000:00:07.0: quirk: [io  0x4100-0x410f] claimed by PIIX4 SMB
[    0.688744] ACPI: PCI Interrupt Link [LNKA] (IRQs 5 9 10 *11)
[    0.694526] ACPI: PCI Interrupt Link [LNKB] (IRQs 5 9 *10 11)
[    0.700136] ACPI: PCI Interrupt Link [LNKC] (IRQs 5 *9 10 11)
[    0.707724] ACPI: PCI Interrupt Link [LNKD] (IRQs 5 9 10 *11)
[    0.714563] ACPI: Enabled 2 GPEs in block 00 to 07
[    0.716149] vgaarb: setting as boot device: PCI:0000:00:02.0
[    0.719725] vgaarb: device added: PCI:0000:00:02.0,decodes=io+mem,owns=io+mem,locks=none
[    0.720004] vgaarb: loaded
[    0.721658] vgaarb: bridge control possible 0000:00:02.0
[    0.724290] SCSI subsystem initialized
[    0.728126] ACPI: bus type USB registered
[    0.732016] usbcore: registered new interface driver usbfs
[    0.735178] usbcore: registered new interface driver hub
[    0.736017] usbcore: registered new device driver usb
[    0.744089] PCI: Using ACPI for IRQ routing
[    0.747226] NetLabel: Initializing
[    0.748002] NetLabel:  domain hash size = 128
[    0.750693] NetLabel:  protocols = UNLABELED CIPSOv4
[    0.752013] NetLabel:  unlabeled traffic allowed by default
[    0.756110] amd_nb: Cannot enumerate AMD northbridges
[    0.760170] clocksource: Switched to clocksource kvm-clock
[    0.786957] AppArmor: AppArmor Filesystem Enabled
[    0.788454] pnp: PnP ACPI init
[    0.788454] pnp: PnP ACPI: found 3 devices
[    0.831255] clocksource: acpi_pm: mask: 0xffffff max_cycles: 0xffffff, max_idle_ns: 2085701024 ns
[    0.832114] NET: Registered protocol family 2
[    0.841087] TCP established hash table entries: 8192 (order: 4, 65536 bytes)
[    0.846171] TCP bind hash table entries: 8192 (order: 5, 131072 bytes)
[    0.849968] TCP: Hash tables configured (established 8192 bind 8192)
[    0.849968] UDP hash table entries: 512 (order: 2, 16384 bytes)
[    0.849968] UDP-Lite hash table entries: 512 (order: 2, 16384 bytes)
[    0.849968] NET: Registered protocol family 1
[    0.849968] pci 0000:00:00.0: Limiting direct PCI/PCI transfers
[    0.849968] pci 0000:00:01.0: Activating ISA DMA hang workarounds
[    0.849968] Unpacking initramfs...
[    0.849968] Freeing initrd memory: 14888K
[    0.849968] clocksource: tsc: mask: 0xffffffffffffffff max_cycles: 0x2b2c8ec87c7, max_idle_ns: 440795278598 ns
[    0.849968] platform rtc_cmos: registered platform RTC device (no PNP device found)
[    0.849968] Scanning for low memory corruption every 60 seconds
[    1.199696] audit: initializing netlink subsys (disabled)
[    1.202922] audit: type=2000 audit(1672316417.360:1): initialized
[    1.207488] Initialise system trusted keyring
[    1.211191] HugeTLB registered 2 MB page size, pre-allocated 0 pages
[    1.217154] zbud: loaded
[    1.219578] VFS: Disk quotas dquot_6.6.0
[    1.222620] VFS: Dquot-cache hash table entries: 512 (order 0, 4096 bytes)
[    1.227616] squashfs: version 4.0 (2009/01/31) Phillip Lougher
[    1.232256] fuse init (API version 7.23)
[    1.235088] Key type big_key registered
[    1.237714] Allocating IMA MOK and blacklist keyrings.
[    1.249565] Key type asymmetric registered
[    1.253316] Asymmetric key parser 'x509' registered
[    1.256434] Block layer SCSI generic (bsg) driver version 0.4 loaded (major 249)
[    1.261251] io scheduler noop registered
[    1.263505] io scheduler deadline registered (default)
[    1.266749] io scheduler cfq registered
[    1.269339] pci_hotplug: PCI Hot Plug PCI Core version: 0.5
[    1.272517] pciehp: PCI Express Hot Plug Controller Driver version: 0.4
[    1.276634] ACPI: AC Adapter [AC] (on-line)
[    1.279320] input: Power Button as /devices/LNXSYSTM:00/LNXPWRBN:00/input/input0
[    1.283769] ACPI: Power Button [PWRF]
[    1.286113] input: Sleep Button as /devices/LNXSYSTM:00/LNXSLPBN:00/input/input1
[    1.290849] ACPI: Sleep Button [SLPF]
[    1.293567] GHES: HEST is not enabled!
[    1.294732] ACPI: Battery Slot [BAT0] (battery present)
[    1.299727] Serial: 8250/16550 driver, 32 ports, IRQ sharing enabled
[    1.328598] 00:02: ttyS0 at I/O 0x3f8 (irq = 4, base_baud = 115200) is a 16550A
[    1.346107] Linux agpgart interface v0.103
[    1.359163] loop: module loaded
[    1.364186] scsi host0: ata_piix
[    1.366954] scsi host1: ata_piix
[    1.369705] ata1: PATA max UDMA/33 cmd 0x1f0 ctl 0x3f6 bmdma 0xd000 irq 14
[    1.374215] ata2: PATA max UDMA/33 cmd 0x170 ctl 0x376 bmdma 0xd008 irq 15
[    1.379339] libphy: Fixed MDIO Bus: probed
[    1.382658] tun: Universal TUN/TAP device driver, 1.6
[    1.386343] tun: (C) 1999-2004 Max Krasnyansky <maxk@qualcomm.com>
[    1.391201] PPP generic driver version 2.4.2
[    1.394317] ehci_hcd: USB 2.0 'Enhanced' Host Controller (EHCI) Driver
[    1.398144] ehci-pci: EHCI PCI platform driver
[    1.401197] ehci-platform: EHCI generic platform driver
[    1.405340] ohci_hcd: USB 1.1 'Open' Host Controller (OHCI) Driver
[    1.409116] ohci-pci: OHCI PCI platform driver
[    1.412072] ohci-platform: OHCI generic platform driver
[    1.415300] uhci_hcd: USB Universal Host Controller Interface driver
[    1.419108] i8042: PNP: PS/2 Controller [PNP0303:PS2K,PNP0f03:PS2M] at 0x60,0x64 irq 1,12
[    1.426812] serio: i8042 KBD port at 0x60,0x64 irq 1
[    1.429997] serio: i8042 AUX port at 0x60,0x64 irq 12
[    1.433984] mousedev: PS/2 mouse device common for all mice
[    1.440345] rtc_cmos rtc_cmos: rtc core: registered rtc_cmos as rtc0
[    1.444643] input: AT Translated Set 2 keyboard as /devices/platform/i8042/serio0/input/input2
[    1.448629] rtc_cmos rtc_cmos: alarms up to one day, 114 bytes nvram
[    1.448645] i2c /dev entries driver
[    1.448737] device-mapper: uevent: version 1.0.3
[    1.448833] device-mapper: ioctl: 4.34.0-ioctl (2015-10-28) initialised: dm-devel@redhat.com
[    1.448851] ledtrig-cpu: registered to indicate activity on CPUs
[    1.450521] NET: Registered protocol family 10
[    1.450645] NET: Registered protocol family 17
[    1.450654] Key type dns_resolver registered
[    1.450937] registered taskstats version 1
[    1.450945] Loading compiled-in X.509 certificates
[    1.451377] Loaded X.509 cert 'Build time autogenerated kernel key: cf00e047681d67edb2720680708b7d9498083038'
[    1.451401] zswap: loaded using pool lzo/zbud
[    1.453183] Key type trusted registered
[    1.456894] Key type encrypted registered
[    1.456901] AppArmor: AppArmor sha1 policy hashing enabled
[    1.456904] ima: No TPM chip found, activating TPM-bypass!
[    1.456908] ima: Allocated hash algorithm: sha1
[    1.456954] evm: HMAC attrs: 0x1
[    1.457560]   Magic number: 2:760:330
[    1.457580] tty tty51: hash matches
[    1.458404] rtc_cmos rtc_cmos: setting system clock to 2022-12-29 12:20:13 UTC (1672316413)
[    1.458474] BIOS EDD facility v0.16 2004-Jun-25, 0 devices found
[    1.458474] EDD information not available.
[    1.582910] Freeing unused kernel memory: 1492K
[    1.600488] Write protecting the kernel read-only data: 14336k
[    1.608161] Freeing unused kernel memory: 1584K
[    1.613785] Freeing unused kernel memory: 52K
Loading, please wait...
starting version 229
[    1.640452] random: udevadm: uninitialized urandom read (16 bytes read, 5 bits of entropy available)
[    1.640578] random: systemd-udevd: uninitialized urandom read (16 bytes read, 5 bits of entropy available)
[    1.640646] random: systemd-udevd: uninitialized urandom read (16 bytes read, 5 bits of entropy available)
[    1.640653] random: systemd-udevd: uninitialized urandom read (16 bytes read, 5 bits of entropy available)
[    1.640662] random: systemd-udevd: uninitialized urandom read (16 bytes read, 5 bits of entropy available)
[    1.670953] random: udevadm: uninitialized urandom read (16 bytes read, 5 bits of entropy available)
[    1.682164] random: systemd-udevd: uninitialized urandom read (16 bytes read, 5 bits of entropy available)
[    1.684848] random: udevadm: uninitialized urandom read (16 bytes read, 5 bits of entropy available)
[    1.684880] random: udevadm: uninitialized urandom read (16 bytes read, 5 bits of entropy available)
[    1.684999] random: udevadm: uninitialized urandom read (16 bytes read, 5 bits of entropy available)
[    1.743358] e1000: Intel(R) PRO/1000 Network Driver - version 7.3.21-k8-NAPI
[    1.748679] e1000: Copyright (c) 1999-2006 Intel Corporation.
[    1.757050] Fusion MPT base driver 3.04.20
[    1.760017] Copyright (c) 1999-2008 LSI Corporation
[    1.785145] Fusion MPT SPI Host driver 3.04.20
[    2.020447] input: ImExPS/2 Generic Explorer Mouse as /devices/platform/i8042/serio1/input/input4
[    2.373952] e1000 0000:00:03.0 eth0: (PCI:33MHz:32-bit) 02:be:82:6b:cc:1d
[    2.380020] e1000 0000:00:03.0 eth0: Intel(R) PRO/1000 Network Connection
[    3.156314] e1000 0000:00:08.0 eth1: (PCI:33MHz:32-bit) 08:00:27:2b:d4:e8
[    3.163677] e1000 0000:00:08.0 eth1: Intel(R) PRO/1000 Network Connection
[    3.171813] e1000 0000:00:03.0 enp0s3: renamed from eth0
[    3.177739] mptbase: ioc0: Initiating bringup
[    3.192516] e1000 0000:00:08.0 enp0s8: renamed from eth1
[    3.259780] ioc0: LSI53C1030 A0: Capabilities={Initiator}
[    4.392074] scsi host2: ioc0: LSI53C1030 A0, FwRev=00000000h, Ports=1, MaxQ=256, IRQ=20
[    4.801446] scsi 2:0:0:0: Direct-Access     VBOX     HARDDISK         1.0  PQ: 0 ANSI: 5
[    4.809264] scsi target2:0:0: Beginning Domain Validation
[    4.818779] scsi target2:0:0: Domain Validation skipping write tests
[    4.822906] scsi target2:0:0: Ending Domain Validation
[    4.826438] scsi target2:0:0: asynchronous
[    4.830947] scsi 2:0:1:0: Direct-Access     VBOX     HARDDISK         1.0  PQ: 0 ANSI: 5
[    4.834918] scsi target2:0:1: Beginning Domain Validation
[    4.844330] scsi target2:0:1: Domain Validation skipping write tests
[    4.848201] scsi target2:0:1: Ending Domain Validation
[    4.851604] scsi target2:0:1: asynchronous
[    4.871261] sd 2:0:0:0: Attached scsi generic sg0 type 0
[    4.871587] sd 2:0:0:0: [sda] 83886080 512-byte logical blocks: (42.9 GB/40.0 GiB)
[    4.872280] sd 2:0:0:0: [sda] Write Protect is off
[    4.872751] sd 2:0:0:0: [sda] Incomplete mode parameter data
[    4.872752] sd 2:0:0:0: [sda] Assuming drive cache: write through
[    4.896841] sd 2:0:1:0: [sdb] 20480 512-byte logical blocks: (10.5 MB/10.0 MiB)
[    4.902737] sd 2:0:1:0: [sdb] Write Protect is off
[    4.906416] sd 2:0:1:0: Attached scsi generic sg1 type 0
[    4.906506]  sda: sda1
[    4.907917] sd 2:0:0:0: [sda] Attached SCSI disk
[    4.908713] sd 2:0:1:0: [sdb] Incomplete mode parameter data
[    4.908714] sd 2:0:1:0: [sdb] Assuming drive cache: write through
[    4.913939] sd 2:0:1:0: [sdb] Attached SCSI disk
Begin: Loading essential drivers ... [    6.587462] md: linear personality registered for level -1
[    6.595545] md: multipath personality registered for level -4
[    6.603242] md: raid0 personality registered for level 0
[    6.617236] md: raid1 personality registered for level 1
[    6.692404] raid6: sse2x1   gen() 11546 MB/s
[    6.764630] raid6: sse2x1   xor()  8246 MB/s
[    6.832048] raid6: sse2x2   gen() 16992 MB/s
[    6.900202] raid6: sse2x2   xor() 11409 MB/s
[    6.968538] raid6: sse2x4   gen() 19220 MB/s
[    7.036061] raid6: sse2x4   xor() 10394 MB/s
[    7.039104] raid6: using algorithm sse2x4 gen() 19220 MB/s
[    7.042478] raid6: .... xor() 10394 MB/s, rmw enabled
[    7.045612] raid6: using ssse3x2 recovery algorithm
[    7.050701] xor: measuring software checksum speed
[   12.387344]    prefetch64-sse: -301888.-296 MB/sec
[   12.492678]    generic_sse: 50639.000 MB/sec
[   12.495529] xor: using function: generic_sse (50639.000 MB/sec)
[   12.514082] async_tx: api initialized (async)
[   12.562025] md: raid6 personality registered for level 6
[   12.566314] md: raid5 personality registered for level 5
[   12.571489] md: raid4 personality registered for level 4
[   12.594997] md: raid10 personality registered for level 10
done.
Begin: Running /scripts/init-premount ... done.
Begin: Mounting root file system ... Begin: Running /scripts/local-top ... done.
Begin: Running /scripts/local-premount ... [   12.680930] Btrfs loaded
Scanning for Btrfs filesystems
done.
Warning: fsck not present, so skipping root file system
[   12.738927] EXT4-fs (sda1): mounted filesystem with ordered data mode. Opts: (null)
done.
Begin: Running /scripts/local-bottom ... done.
Begin: Running /scripts/init-bottom ... done.
[   13.037208] systemd[1]: systemd 229 running in system mode. (+PAM +AUDIT +SELINUX +IMA +APPARMOR +SMACK +SYSVINIT +UTMP +LIBCRYPTSETUP +GCRYPT +GNUTLS +ACL +XZ -LZ4 +SECCOMP +BLKID +ELFUTILS +KMOD -IDN)
[   13.054752] systemd[1]: Detected virtualization oracle.
[   13.058862] systemd[1]: Detected architecture x86-64.

Welcome to [1mUbuntu 16.04.7 LTS[0m!

[   13.083622] systemd[1]: Set hostname to <ubuntu>.
[   13.093363] systemd[1]: Initializing machine ID from random generator.
[   13.100501] systemd[1]: Installed transient /etc/machine-id file.
[   13.309273] systemd[1]: Created slice System Slice.
[[0;32m  OK  [0m] Created slice System Slice.
[   13.319246] systemd[1]: Listening on Syslog Socket.
[[0;32m  OK  [0m] Listening on Syslog Socket.
[   13.329680] systemd[1]: Listening on Journal Socket.
[[0;32m  OK  [0m] Listening on Journal Socket.
[   13.341568] systemd[1]: Listening on Journal Socket (/dev/log).
[[0;32m  OK  [0m] Listening on Journal Socket (/dev/log).
[   13.356618] systemd[1]: Reached target Swap.
[[0;32m  OK  [0m] Reached target Swap.
[   13.388501] systemd[1]: Mounting POSIX Message Queue File System...
         Mounting POSIX Message Queue File System...
[   13.401278] systemd[1]: Listening on Journal Audit Socket.
[[0;32m  OK  [0m] Listening on Journal Audit Socket.
[   13.413763] systemd[1]: Listening on udev Control Socket.
[[0;32m  OK  [0m] Listening on udev Control Socket.
[   13.426947] systemd[1]: Set up automount Arbitrary Executable File Formats File System Automount Point.
[[0;32m  OK  [0m] Set up automount Arbitrary Executab...ats File System Automount Point.
[   13.443442] systemd[1]: Started Trigger resolvconf update for networkd DNS.
[[0;32m  OK  [0m] Started Trigger resolvconf update for networkd DNS.
[   13.455023] systemd[1]: Created slice User and Session Slice.
[[0;32m  OK  [0m] Created slice User and Session Slice.
[   13.463760] systemd[1]: Reached target User and Group Name Lookups.
[[0;32m  OK  [0m] Reached target User and Group Name Lookups.
[   13.493170] systemd[1]: Starting Set console keymap...
         Starting Set console keymap...
[   13.504656] systemd[1]: Reached target Encrypted Volumes.
[[0;32m  OK  [0m] Reached target Encrypted Volumes.
[   13.525146] systemd[1]: Started Forward Password Requests to Wall Directory Watch.
[[0;32m  OK  [0m] Started Forward Password Requests to Wall Directory Watch.
[   13.539723] systemd[1]: Listening on LVM2 metadata daemon socket.
[[0;32m  OK  [0m] Listening on LVM2 metadata daemon socket.
[   13.551840] systemd[1]: Reached target Slices.
[[0;32m  OK  [0m] Reached target Slices.
[   13.572769] systemd[1]: Mounting Huge Pages File System...
         Mounting Huge Pages File System...
[   13.587872] systemd[1]: Starting Nameserver information manager...
         Starting Nameserver information manager...
[   13.600090] systemd[1]: Listening on /dev/initctl Compatibility Named Pipe.
[[0;32m  OK  [0m] Listening on /dev/initctl Compatibility Named Pipe.
[   13.614089] systemd[1]: Mounting Debug File System...
         Mounting Debug File System...
[   13.622495] systemd[1]: Listening on udev Kernel Socket.
[[0;32m  OK  [0m] Listening on udev Kernel Socket.
[   13.632889] systemd[1]: Listening on Device-mapper event daemon FIFOs.
[[0;32m  OK  [0m] Listening on Device-mapper event daemon FIFOs.
[   13.660649] systemd[1]: Starting Monitoring of LVM2 mirrors, snapshots etc. using dmeventd or progress polling...
         Starting Monitoring of LVM2 mirrors... dmeventd or progress polling...
[   13.674354] systemd[1]: Listening on fsck to fsckd communication Socket.
[[0;32m  OK  [0m] Listening on fsck to fsckd communication Socket.
[   13.684193] systemd[1]: Starting File System Check on Root Device...
         Starting File System Check on Root Device...
[   13.694055] systemd[1]: Listening on LVM2 poll daemon socket.
[[0;32m  OK  [0m] Listening on LVM2 poll daemon socket.
[   13.705159] systemd[1]: Created slice system-serial\x2dgetty.slice.
[[0;32m  OK  [0m] Created slice system-serial\x2dgetty.slice.
[   13.717551] systemd[1]: Starting Uncomplicated firewall...
         Starting Uncomplicated firewall...
[   13.732972] systemd[1]: Starting Create list of required static device nodes for the current kernel...
         Starting Create list of required st... nodes for the current kernel...
[   13.745763] systemd[1]: Starting Load Kernel Modules...
         Starting Load Kernel Modules...
[   13.757150] systemd[1]: Starting Journal Service...
         Starting Journal Service...
[   13.765654] systemd[1]: Reached target System Time Synchronized.
[   13.771952] Loading iSCSI transport class v2.0-870.
[[0;32m  OK  [0m] Reached target System Time Synchronized.
[   13.782642] systemd[1]: Mounted Huge Pages File System.
[[0;32m  OK  [0m] Mounted Huge Pages File System.
[   13.792516] systemd[1]: Mounted POSIX Message Queue File System.
[[0;32m  OK  [0m] Mounted POSIX Message Queue File System.
[   13.803259] iscsi: registered transport (tcp)
[   13.805185] systemd[1]: Mounted Debug File System.
[[0;32m  OK  [0m] Mounted Debug File System.
[   13.816083] systemd[1]: Started Journal Service.
[[0;32m  OK  [0m] Started Journal Service.
[[0;32m  OK  [0m] Started Set console keymap.
[[0;32m  OK  [0m] Started File System Check on Root Device.
[[0;32m  OK  [0m] Started Uncomplicated firewall.
[[0;32m  OK  [0m] Started Create list of required sta...ce nodes for the current kernel.
[   13.886549] iscsi: registered transport (iser)
[   13.889267] random: nonblocking pool is initialized
[[0;32m  OK  [0m] Started Nameserver information manager.
[[0;32m  OK  [0m] Started Load Kernel Modules.
[[0;32m  OK  [0m] Started File System Check Daemon to report status.
[[0;32m  OK  [0m] Started LVM2 metadata daemon.
         Mounting FUSE Control File System...
         Starting Apply Kernel Variables...
         Starting Create Static Device Nodes in /dev...
         Starting Remount Root and Kernel File Systems...
[[0;32m  OK  [0m] Mounted FUSE Control File System.
[[0;32m  OK  [0m] Started Apply Kernel Variables.
[[0;32m  OK  [0m] Started Create Static Device Nodes in /dev.
[[0;32m  OK  [0m] Started Remount Root and Kernel File Systems.
         Starting Flush Journal to Persistent Storage...
         Starting Load/Save Random Seed...
         Starting udev Coldplug all Devices...
         Starting udev Kernel Device Manager...
[[0;32m  OK  [0m] Started Load/Save Random Seed.
[[0;32m  OK  [0m] Started Flush Journal to Persistent Storage.
[[0;32m  OK  [0m] Started udev Kernel Device Manager.
[[0;32m  OK  [0m] Started udev Coldplug all Devices.
[[0;32m  OK  [0m] Started Dispatch Password Requests to Console Directory Watch.
[[0;32m  OK  [0m] Started Monitoring of LVM2 mirrors,...ng dmeventd or progress polling.
[[0;32m  OK  [0m] Reached target Local File Systems (Pre).
[[0;32m  OK  [0m] Reached target Local File Systems.
         Starting Commit a transient machine-id on disk...
         Starting Tell Plymouth To Write Out Runtime Data...
         Starting Set console font and keymap...
         Starting Initial cloud-init job (pre-networking)...
         Starting Create Volatile Files and Directories...
         Starting LSB: AppArmor initialization...
[[0;32m  OK  [0m] Started Commit a transient machine-id on disk.
[[0;32m  OK  [0m] Started Tell Plymouth To Write Out Runtime Data.
[[0;32m  OK  [0m] Started Create Volatile Files and Directories.
[[0;32m  OK  [0m] Found device /dev/ttyS0.
[[0;32m  OK  [0m] Listening on Load/Save RF Kill Switch Status /dev/rfkill Watch.
         Starting Update UTMP about System Boot/Shutdown...
[   16.192408] cloud-init[498]: Cloud-init v. 21.1-19-gbad84ad4-0ubuntu1~16.04.2 running 'init-local' at Thu, 29 Dec 2022 12:20:27 +0000. Up 15.77 seconds.
[[0;32m  OK  [0m] Started LSB: AppArmor initialization.
[[0;32m  OK  [0m] Started Initial cloud-init job (pre-networking).
[[0;32m  OK  [0m] Reached target Network (Pre).
         Starting Raise network interfaces...
         Starting Load AppArmor profiles managed internally by snapd...
[[0;32m  OK  [0m] Started Set console font and keymap.
[[0;32m  OK  [0m] Started Update UTMP about System Boot/Shutdown.
[[0;32m  OK  [0m] Started Load AppArmor profiles managed internally by snapd.
[[0;32m  OK  [0m] Created slice system-getty.slice.
[[0;32m  OK  [0m] Started Raise network interfaces.
[[0;32m  OK  [0m] Reached target Network.
         Starting Initial cloud-init job (metadata service crawler)...
[   17.957421] cloud-init[935]: Cloud-init v. 21.1-19-gbad84ad4-0ubuntu1~16.04.2 running 'init' at Thu, 29 Dec 2022 12:20:29 +0000. Up 17.38 seconds.
[   17.962129] cloud-init[935]: ci-info: ++++++++++++++++++++++++++++++++++++++Net device info+++++++++++++++++++++++++++++++++++++++
[   17.967593] cloud-init[935]: ci-info: +--------+-------+----------------------------+---------------+--------+-------------------+
[   17.973977] cloud-init[935]: ci-info: | Device |   Up  |          Address           |      Mask     | Scope  |     Hw-Address    |
[   17.978497] cloud-init[935]: ci-info: +--------+-------+----------------------------+---------------+--------+-------------------+
[   17.986831] cloud-init[935]: ci-info: | enp0s3 |  True |         10.0.2.15          | 255.255.255.0 | global | 02:be:82:6b:cc:1d |
[   17.991168] cloud-init[935]: ci-info: | enp0s3 |  True | fe80::be:82ff:fe6b:cc1d/64 |       .       |  link  | 02:be:82:6b:cc:1d |
[   17.998351] cloud-init[935]: ci-info: | enp0s8 | False |             .              |       .       |   .    | 08:00:27:2b:d4:e8 |
[   18.005307] cloud-init[935]: ci-info: |   lo   |  True |         127.0.0.1          |   255.0.0.0   |  host  |         .         |
[   18.024910] cloud-init[935]: ci-info: |   lo   |  True |          ::1/128           |       .       |  host  |         .         |
[   18.038489] cloud-init[935]: ci-info: +--------+-------+----------------------------+---------------+--------+-------------------+
[   18.043499] cloud-init[935]: ci-info: +++++++++++++++++++++++++++Route IPv4 info++++++++++++++++++++++++++++
[   18.048308] cloud-init[935]: ci-info: +-------+-------------+----------+---------------+-----------+-------+
[   18.054534] cloud-init[935]: ci-info: | Route | Destination | Gateway  |    Genmask    | Interface | Flags |
[   18.059395] cloud-init[935]: ci-info: +-------+-------------+----------+---------------+-----------+-------+
[   18.064177] cloud-init[935]: ci-info: |   0   |   0.0.0.0   | 10.0.2.2 |    0.0.0.0    |   enp0s3  |   UG  |
[   18.072992] cloud-init[935]: ci-info: |   1   |   10.0.2.0  | 0.0.0.0  | 255.255.255.0 |   enp0s3  |   U   |
[   18.077640] cloud-init[935]: ci-info: +-------+-------------+----------+---------------+-----------+-------+
[   18.082184] cloud-init[935]: ci-info: +++++++++++++++++++Route IPv6 info+++++++++++++++++++
[   18.086360] cloud-init[935]: ci-info: +-------+-------------+---------+-----------+-------+
[   18.090897] cloud-init[935]: ci-info: | Route | Destination | Gateway | Interface | Flags |
[   18.096479] cloud-init[935]: ci-info: +-------+-------------+---------+-----------+-------+
[   18.105994] cloud-init[935]: ci-info: |   0   |  fe80::/64  |    ::   |   enp0s3  |   U   |
[   18.113738] cloud-init[935]: ci-info: |   3   |   ff00::/8  |    ::   |   enp0s3  |   U   |
[   18.121594] cloud-init[935]: ci-info: +-------+-------------+---------+-----------+-------+
[   18.125942] cloud-init[935]: Generating public/private rsa key pair.
[   18.132064] cloud-init[935]: Your identification has been saved in /etc/ssh/ssh_host_rsa_key.
[   18.137205] cloud-init[935]: Your public key has been saved in /etc/ssh/ssh_host_rsa_key.pub.
[   18.141427] cloud-init[935]: The key fingerprint is:
[[0;32m  OK  [0m] Started Initial cloud-init job (metadata service crawler).
[[0;32m  OK  [0m] Reached target System Initialization.
[[0;32m  OK  [0m] Started Daily Cleanup of Temporary Directories.
[   18.145158] cloud-init[935]: SHA256:leUc31XuR97eLyHWt23t5jvd8o3Vb3sxaEJasivJ54I root@ubuntu-xenial
[[0;32m  OK  [0m] Started ACPI Events Check.
[[0;32m  OK  [0m] Reached target Paths.
[[0;32m  OK  [0m] Started Daily apt download activities.
[[0;32m  OK  [0m] Started Daily apt upgrade and clean activities.
[   18.155128] cloud-init[935]: The key's randomart image is:
[   18.171544] cloud-init[935]: +---[RSA 2048]----+
[   18.177489] cloud-init[935]: |            o   +|
         Starting LXD - unix socket.
[[0;32m  OK  [0m] Listening on ACPID Listen Socket.
[[0;32m  OK  [0m] Started Message of the Day.
[[0;32m  OK  [0m] Started Ubuntu Advantage update messaging.
[[0;32m  OK  [0m] Reached target Timers.
[[0;32m  OK  [0m] Listening on UUID daemon activation socket.
         [   18.183304] cloud-init[935]: |           = o o.|
[   18.194858] cloud-init[935]: |          o o . +|
[   18.195146] cloud-init[935]: |         o o   +.|
[   18.195493] cloud-init[935]: |        S *  .. =|
Starting Socket activation for snappy daemon.
[[0;32m  OK  [0m] Listening on D-Bus System Message Bus Socket.
[[0;32m  OK  [0m] Reached target Cloud-config availability.
[[0;32m  OK  [0m] Reached target Network is Online.
[   18.195856] cloud-init[935]: |         o .ooo+=|
[   18.210015] cloud-init[935]: |      o . ..o. o&|
[   18.213028] cloud-init[935]: |     E = o    o=&|
         Starting iSCSI initiator daemon (iscsid)...
[[0;32m  OK  [0m] Listening on LXD - unix socket.
[[0;32m  OK  [0m] Listening on Socket activation for snappy daemon.
[[0;32m  OK  [0m] Reached target Sockets.
[[0;32m  OK  [0m] Reached target Basic System.
         Starting /etc/rc.local Compatibility...
[[0;32m  OK  [0m] Started FUSE filesystem for LXC.
         Starting LSB: MD monitoring daemon...
         Starting System Logging Service...
[   18.215850] cloud-init[935]: |        =.    .%%|
[   18.237580] [[0;32m  OK  [0m] Started Deferred execution scheduler.
[[0;32m  OK  [0m] Started Regular background program processing daemon.
         Starting LSB: Record successful boot for GRUB...
         Starting Login Service...
         Starting Virtualbox guest utils...
         Starting Pollinate to seed the pseudo random number generator...
[[0;32m  OK  [0m] Started ACPI event daemon.
         Starting Snap Daemon...
         Starting LXD - container startup/shutdown...
[[0;32m  OK  [0m] Started D-Bus System Message Bus.
cloud-init[935]: +----[SHA256]-----+
[   18.322308] cloud-init[935]: Generating public/private dsa key pair.
[   18.331981] cloud-init[935]: Your identification has been saved in /etc/ssh/ssh_host_dsa_key.
[   18.343414] cloud-init[935]: Your public key has been saved in /etc/ssh/ssh_host_dsa_key.pub.
[   18.363371] cloud-init[935]: The key fingerprint is:
[   18.378517] cloud-init[935]: SHA256:tzdPqPY4BQcndSzqnb03osEMpxtYVzGd8O7sKMSSMeo root@ubuntu-xenial
[   18.386558] cloud-init[935]: The key's randomart image is:
[   18.394920] cloud-init[935]: +---[DSA 1024]----+
[   18.398651] cloud-init[935]: |           ..=+ .|
[   18.403896] cloud-init[935]: |          o o.=o |
[   18.408017] cloud-init[935]: |           = o . |
[   18.411156] cloud-init[935]: |         oo o .  |
[   18.419078] cloud-init[935]: |        S+** o . |
[   18.423188] cloud-init[935]: |       .o+O++.+  |
[   18.427602] cloud-init[935]: |      .. o+=+ .+ |
[   18.438518] cloud-init[935]: |       E  ==.=+..|
         Starting Accounts Service...
[[0;32m  OK  [0m] Started System Logging Service.
[[0;32m  OK  [0m] Started /etc/rc.local Compatibility.
[   18.450319] cloud-init[935]: |         oo++.oo.|
[[0;32m  OK  [0m] Started Login Service.
[[0;32m  OK  [0m] Started Unattended Upgrades Shutdown.
[[0;32m  OK  [0m] Started iSCSI initiator daemon (iscsid).
         Starting Login to default iSCSI targets...
[   18.469891] cloud-init[935]: +----[SHA256]-----+
[   18.512884] cloud-init[935]: Generating public/private ecdsa key pair.
[   18.532541] cloud-init[935]: Your identification has been saved in /etc/ssh/ssh_host_ecdsa_key.
[   18.553638] cloud-init[935]: Your public key has been saved in /etc/ssh/ssh_host_ecdsa_key.pub.
[   18.565138] cloud-init[935]: [[0;32m  OK  [0m] Started Login to default iSCSI targets.
[[0;32m  OK  [0m] Reached target Remote File Systems (Pre).
[[0;32m  OK  [0m] Reached target Remote File Systems.
         The key fingerprint is:Starting Permit User Sessions...
         Starting LSB: Set the CPU Frequency Scaling governor to "ondemand"...
         Starting LSB: automatic crash report generation...
         Starting LSB: daemon to balance interrupts for SMP systems...
[[0;32m  OK  [0m] Started LSB: MD monitoring daemon.
[[0;32m  OK  [0m] Started LSB: Record successful boot for GRUB.
[[0;32m  OK  [0m] Started Permit User Sessions.
         Starting Terminate Plymouth Boot Screen...
         Starting Hold until boot process finishes up...
[[0;32m  OK  [0m] Started Hold until boot process finishes up.

[   18.640320] [[0;32m  OK  [0m] Started Serial Getty on ttyS0.
[[0;32m  OK  [0m] Started Getty on tty1.
[[0;32m  OK  [0m] Reached target Login Prompts.
cloud-init[935]:          Starting Set console scheme...
[[0;32m  OK  [0m] Started Terminate Plymouth Boot Screen.
[[0;32m  OK  [0m] Started Set console scheme.
SHA256:/91n4unc7S3Vuet8esDYdI0HYsbX8Uk5BDbKB17ghIo root@ubuntu-xenial
[   18.689783] cloud-init[935]: The key's randomart image is:
         Starting Authenticate and Authorize Users to Run Privileged Tasks...
[   18.718017] [[0;32m  OK  [0m] Started LXD - container startup/shutdown.
[[0;32m  OK  [0m] Started LSB: Set the CPU Frequency Scaling governor to "ondemand".
cloud-init[[0;32m  OK  [0m] Started LSB: automatic crash report generation.
[935]: [[0;32m  OK  [0m] Started LSB: daemon to balance interrupts for SMP systems.
+---[ECDSA 256]---+
[   18.763201] cloud-init[935]: |          .=.=o=o|
[   18.775065] cloud-init[935]: |         .= X =o+|
[   18.786051] cloud-init[935]: |      . .  B + ++|
[   18.794318] [[0;32m  OK  [0m] Started Authenticate and Authorize Users to Run Privileged Tasks.
cloud-init[[0;32m  OK  [0m] Started Accounts Service.
[935]: |     E .    . o +|
[   18.804698] cloud-init[935]: |        S    = oo|
[   18.822746] cloud-init[935]: |         .  . +.o|
[   18.861348] cloud-init[935]: |          .    o.|
[   18.871701] cloud-init[935]: |           . o+=B|
[   18.886690] cloud-init[935]: |            .oO@X|
[   18.894404] cloud-init[935]: +----[SHA256]-----+
[   18.908854] cloud-init[935]: Generating public/private ed25519 key pair.
[   18.917488] cloud-init[935]: Your identification has been saved in /etc/ssh/ssh_host_ed25519_key.
[[0;32m  OK  [0m] Started Virtualbox guest utils.
[   18.928762] cloud-init[935]: Your public key has been saved in /etc/ssh/ssh_host_ed25519_key.pub.
[   18.956738] cloud-init[935]: The key fingerprint is:
[   18.961196] cloud-init[935]: SHA256:KmochyOElfE5drivO7NX5dc0wMWrGC3cClJWo6dx9/8 root@ubuntu-xenial
[   18.967035] cloud-init[935]: The key's randomart image is:
[   18.973130] cloud-init[935]: +--[ED25519 256]--+
[   18.976965] cloud-init[935]: |  .o     .o. o.  |
[   18.981428] cloud-init[935]: |  o. o  o. .o .  |
[   19.006569] cloud-init[935]: |..  * .oo.oo.. . |
[   19.010800] cloud-init[935]: |.. . +. .==.o.+  |
[   19.013553] cloud-init[935]: |.  ..  .S+ = +.. |
[   19.016977] cloud-init[935]: |. + .. .. + o .. |
[   19.023191] cloud-init[935]: | o +. o.   .    .|
[   19.026085] cloud-init[935]: |  o.oo.         .|
[   19.028946] cloud-init[935]: | .. +*          E|
[   19.031758] cloud-init[935]: +----[SHA256]-----+
[[0;32m  OK  [0m] Started Snap Daemon.
         Starting Wait until snapd is fully seeded...
[[0;32m  OK  [0m] Started Pollinate to seed the pseudo random number generator.
         Starting OpenBSD Secure Shell server...
[[0;32m  OK  [0m] Started OpenBSD Secure Shell server.
[[0;32m  OK  [0m] Started Wait until snapd is fully seeded.
         Starting Apply the settings specified in cloud-config...
[[0;32m  OK  [0m] Reached target Multi-User System.
[[0;32m  OK  [0m] Reached target Graphical Interface.
         Starting Update UTMP about System Runlevel Changes...
[[0;32m  OK  [0m] Started Update UTMP about System Runlevel Changes.
[   22.741017] cloud-init[1283]: Generating locales (this might take a while)...
[   23.598601] cloud-init[1283]:   en_US.UTF-8... done
[   23.601631] cloud-init[1283]: Generation complete.
[   23.959641] cloud-init[1283]: Cloud-init v. 21.1-19-gbad84ad4-0ubuntu1~16.04.2 running 'modules:config' at Thu, 29 Dec 2022 12:20:34 +0000. Up 22.63 seconds.
ci-info: no authorized SSH keys fingerprints found for user ubuntu.
<14>Dec 29 12:20:36 ec2: 
<14>Dec 29 12:20:36 ec2: #############################################################
<14>Dec 29 12:20:36 ec2: -----BEGIN SSH HOST KEY FINGERPRINTS-----
<14>Dec 29 12:20:36 ec2: 1024 SHA256:tzdPqPY4BQcndSzqnb03osEMpxtYVzGd8O7sKMSSMeo root@ubuntu-xenial (DSA)
<14>Dec 29 12:20:36 ec2: 256 SHA256:/91n4unc7S3Vuet8esDYdI0HYsbX8Uk5BDbKB17ghIo root@ubuntu-xenial (ECDSA)
<14>Dec 29 12:20:36 ec2: 256 SHA256:KmochyOElfE5drivO7NX5dc0wMWrGC3cClJWo6dx9/8 root@ubuntu-xenial (ED25519)
<14>Dec 29 12:20:36 ec2: 2048 SHA256:leUc31XuR97eLyHWt23t5jvd8o3Vb3sxaEJasivJ54I root@ubuntu-xenial (RSA)
<14>Dec 29 12:20:36 ec2: -----END SSH HOST KEY FINGERPRINTS-----
<14>Dec 29 12:20:36 ec2: #############################################################
-----BEGIN SSH HOST KEY KEYS-----
ecdsa-sha2-nistp256 AAAAE2VjZHNhLXNoYTItbmlzdHAyNTYAAAAIbmlzdHAyNTYAAABBBC/QA7zsP6McgT91BNyZCsM/YtO9yc9d0i45Rzrop7lfatsuqutQ29w0y/tSx6W9AwBeURiUcIL1y3ZDDxur9FQ= root@ubuntu-xenial
ssh-ed25519 AAAAC3NzaC1lZDI1NTE5AAAAIPflgY2fJo7SQ9o6l9VGG9NKRgH35ExVzRuIncBQ1HBH root@ubuntu-xenial
ssh-rsa AAAAB3NzaC1yc2EAAAADAQABAAABAQDdJsry+peX+rZAOQfvNBTjKJbaS9uFmt0IbF0k7xG0nUzelVaU73ri3gbx+wYYDN2L+THkmq8zTg3jBoW4E/j/rloaTFAT89+X4P7X4SdU6+ZKHqPqHIfQeL1MR2rz04qytK0aYy5NFaN4Lu8DwN2sykxMWuwzt0iH5thE5NZeTe0ZN9hioBhWmBURU1dkps4Ai1zNv7wxydXz51N1kH7oxPjxVXRAkIOvafgUo49fcXNozckVmCEvc6NwPp/BFrb2XI92iV4owEhcz6nP/54gA3MYX6alQfKSzA52FLjiM1MmxjzdaQitO/w960bN2rGini9jPW0f/wz8ykSNPYAF root@ubuntu-xenial
-----END SSH HOST KEY KEYS-----
[   24.604818] cloud-init[1331]: Cloud-init v. 21.1-19-gbad84ad4-0ubuntu1~16.04.2 running 'modules:final' at Thu, 29 Dec 2022 12:20:36 +0000. Up 24.36 seconds.
[   24.605084] cloud-init[1331]: ci-info: no authorized SSH keys fingerprints found for user ubuntu.
[   24.609289] cloud-init[1331]: Cloud-init v. 21.1-19-gbad84ad4-0ubuntu1~16.04.2 finished at Thu, 29 Dec 2022 12:20:36 +0000. Datasource DataSourceNoCloud [seed=/dev/sdb][dsmode=net].  Up 24.59 seconds

Ubuntu 16.04.7 LTS ubuntu-xenial ttyS0

ubuntu-xenial login: 